{"test_get_reasons_0": ["abc", "bcd", "efg"], "test_post_dates_status_0": {"1999-01-05": {"user_id": 2, "state": "not_here", "reason": {"name": "abc"}, "reported_by_id": 1, "reported_time": "2020-01-01T00:00:00", "date_details": {"date": "1999-01-05", "type": "unknown"}}}, "test_put_dates_status_0": {"1997-01-03": {"user_id": 2, "state": "not_here", "reason": {"name": "abc"}, "reported_by_id": 1, "reported_time": "2020-01-01T00:00:00", "date_details": {"date": "1997-01-03", "type": "unknown"}}}, "test_get_dates_status_0": [{"user_id": 2, "data": [{"user_id": 2, "state": "here", "reason": null, "reported_by_id": 1, "reported_time": "1997-01-03T12:12:12", "date_details": {"date": "1997-01-03", "type": "unknown"}}, {"user_id": 2, "state": "here", "reason": null, "reported_by_id": 1, "reported_time": "1997-01-03T12:12:12", "date_details": {"date": "1997-01-04", "type": "unknown"}}]}]}