{"test_get_commander_0": 1, "test_get_current_user_0": {"id": 1, "commander_id": null, "reminder_time": null, "english_name": "one report", "mador": {"name": "Group"}, "manages_mador_name": null, "operates": []}, "test_get_subjects_0": [{"id": 2, "commander_id": 1, "reminder_time": null, "english_name": "Chris Rice", "mador": {"name": "Group"}, "manages_mador_name": null, "operates": []}], "test_get_user_0": {"id": 2, "commander_id": 1, "reminder_time": null, "english_name": "Chris Rice", "mador": {"name": "Group"}, "manages_mador_name": null, "operates": []}}